net\chatapp\service\settings\SettingsService.class
net\chatapp\model\cuser\CUser.class
net\chatapp\restcontroller\session\SessionController.class
net\chatapp\model\chatmessage\ChatMessage.class
net\chatapp\ChatappBackendApplication.class
net\chatapp\repository\settings\SettingsRepository.class
net\chatapp\handler\CLogoutHandler.class
net\chatapp\SpringComponentGenerator.class
net\chatapp\service\chat\ChatService.class
net\chatapp\model\chat\Chat.class
net\chatapp\repository\chat\ChatRepository.class
net\chatapp\error\CUserSaveExcpetion.class
net\chatapp\repository\chat\CustomChatRepositoryImpl.class
net\chatapp\util\DeviceUtil.class
net\chatapp\model\settings\Settings.class
net\chatapp\conf\security\SecurityConfig.class
net\chatapp\repository\chatmessage\ChatMessageRepository.class
net\chatapp\repository\cuser\CUserRepository.class
net\chatapp\repository\chat\CustomChatRepository.class
net\chatapp\restcontroller\settings\SettingsRestController.class
net\chatapp\service\deviceinformation\DeviceInformationService.class
net\chatapp\conf\security\Webconfig.class
net\chatapp\service\chatmessage\ChatMessageService.class
net\chatapp\error\CUserInvalidUserNameException.class
net\chatapp\response\Reason.class
net\chatapp\service\cuser\CUserService.class
net\chatapp\conf\db\DBConf.class
net\chatapp\restcontroller\chatmessage\ChatMessageRestController.class
net\chatapp\restcontroller\chat\ChatRestController.class
net\chatapp\restcontroller\cuser\CUserRestController.class
net\chatapp\model\deviceinformation\DeviceInformation.class
net\chatapp\service\BasicService.class
net\chatapp\error\CUserNotFoundException.class
net\chatapp\repository\deviceinformation\DeviceInformationRepository.class
net\chatapp\util\ListUtils.class
