C:\Users\nucle\IdeaProjects\chatapp-backend\src\main\java\net\chatapp\conf\security\SecurityConfig.java
C:\Users\nucle\IdeaProjects\chatapp-backend\src\main\java\net\chatapp\SpringComponentGenerator.java
C:\Users\nucle\IdeaProjects\chatapp-backend\src\main\java\net\chatapp\repository\chat\CustomChatRepository.java
C:\Users\nucle\IdeaProjects\chatapp-backend\src\main\java\net\chatapp\util\DeviceUtil.java
C:\Users\nucle\IdeaProjects\chatapp-backend\src\main\java\net\chatapp\util\ListUtils.java
C:\Users\nucle\IdeaProjects\chatapp-backend\src\main\java\net\chatapp\error\CUserSaveExcpetion.java
C:\Users\nucle\IdeaProjects\chatapp-backend\src\main\java\net\chatapp\model\chatmessage\ChatMessage.java
C:\Users\nucle\IdeaProjects\chatapp-backend\src\main\java\net\chatapp\service\settings\SettingsService.java
C:\Users\nucle\IdeaProjects\chatapp-backend\src\main\java\net\chatapp\repository\deviceinformation\DeviceInformationRepository.java
C:\Users\nucle\IdeaProjects\chatapp-backend\src\main\java\net\chatapp\restcontroller\chatmessage\ChatMessageRestController.java
C:\Users\nucle\IdeaProjects\chatapp-backend\src\main\java\net\chatapp\model\deviceinformation\DeviceInformation.java
C:\Users\nucle\IdeaProjects\chatapp-backend\src\main\java\net\chatapp\service\chat\ChatService.java
C:\Users\nucle\IdeaProjects\chatapp-backend\src\main\java\net\chatapp\model\chat\Chat.java
C:\Users\nucle\IdeaProjects\chatapp-backend\src\main\java\net\chatapp\ChatappBackendApplication.java
C:\Users\nucle\IdeaProjects\chatapp-backend\src\main\java\net\chatapp\model\settings\Settings.java
C:\Users\nucle\IdeaProjects\chatapp-backend\src\main\java\net\chatapp\repository\chat\CustomChatRepositoryImpl.java
C:\Users\nucle\IdeaProjects\chatapp-backend\src\main\java\net\chatapp\repository\settings\SettingsRepository.java
C:\Users\nucle\IdeaProjects\chatapp-backend\src\main\java\net\chatapp\error\CUserInvalidUserNameException.java
C:\Users\nucle\IdeaProjects\chatapp-backend\src\main\java\net\chatapp\repository\chat\ChatRepository.java
C:\Users\nucle\IdeaProjects\chatapp-backend\src\main\java\net\chatapp\restcontroller\settings\SettingsRestController.java
C:\Users\nucle\IdeaProjects\chatapp-backend\src\main\java\net\chatapp\restcontroller\chat\ChatRestController.java
C:\Users\nucle\IdeaProjects\chatapp-backend\src\main\java\net\chatapp\service\chatmessage\ChatMessageService.java
C:\Users\nucle\IdeaProjects\chatapp-backend\src\main\java\net\chatapp\service\cuser\CUserService.java
C:\Users\nucle\IdeaProjects\chatapp-backend\src\main\java\net\chatapp\service\deviceinformation\DeviceInformationService.java
C:\Users\nucle\IdeaProjects\chatapp-backend\src\main\java\net\chatapp\error\CUserNotFoundException.java
C:\Users\nucle\IdeaProjects\chatapp-backend\src\main\java\net\chatapp\repository\cuser\CUserRepository.java
C:\Users\nucle\IdeaProjects\chatapp-backend\src\main\java\net\chatapp\restcontroller\cuser\CUserRestController.java
C:\Users\nucle\IdeaProjects\chatapp-backend\src\main\java\net\chatapp\repository\chatmessage\ChatMessageRepository.java
C:\Users\nucle\IdeaProjects\chatapp-backend\src\main\java\net\chatapp\handler\CLogoutHandler.java
C:\Users\nucle\IdeaProjects\chatapp-backend\src\main\java\net\chatapp\conf\security\Webconfig.java
C:\Users\nucle\IdeaProjects\chatapp-backend\src\main\java\net\chatapp\model\cuser\CUser.java
C:\Users\nucle\IdeaProjects\chatapp-backend\src\main\java\net\chatapp\service\BasicService.java
C:\Users\nucle\IdeaProjects\chatapp-backend\src\main\java\net\chatapp\conf\db\DBConf.java
C:\Users\nucle\IdeaProjects\chatapp-backend\src\main\java\net\chatapp\restcontroller\session\SessionController.java
C:\Users\nucle\IdeaProjects\chatapp-backend\src\main\java\net\chatapp\response\Reason.java
